// Jest Snapshot v1, https://goo.gl/fbAQLP

exports[`Pruebas en <AppRouter /> should Debe de mostrarse correctamente 1`] = `
<div>
  <nav
    className="navbar navbar-expand-sm navbar-dark bg-dark"
  >
    <a
      className="navbar-brand"
      href="/"
      onClick={[Function]}
    >
       useContext 
    </a>
    <div
      className="collapse navbar-collapse"
      id="navbarNavAltMarkup"
    >
      <div
        className="navbar-nav"
      >
        <a
          aria-current="page"
          className="nav-item nav-link active"
          href="/"
          onClick={[Function]}
          style={Object {}}
        >
           Home 
        </a>
        <a
          aria-current={null}
          className="nav-item nav-link"
          href="/about"
          onClick={[Function]}
        >
           About 
        </a>
        <a
          aria-current={null}
          className="nav-item nav-link"
          href="/login"
          onClick={[Function]}
        >
           Login
        </a>
      </div>
    </div>
  </nav>
  <div
    className="container"
  >
    <div>
      <h1>
        HomeScreen
      </h1>
      <hr />
      <pre />
      <hr />
      <div>
        <h1>
          TodoApp ( 
          0
           ) 
        </h1>
        <hr />
        <div
          className="row"
        >
          <div
            className="col-7"
          >
            <ul
              className="list-group list-group-flush"
            />
          </div>
          <div
            className="col-5"
          >
            Array [
              <h4>
                Agregar TODO
              </h4>,
              <hr />,
              <form
                onSubmit={[Function]}
              >
                <input
                  autoComplete="off"
                  className="form-control"
                  name="description"
                  onChange={[Function]}
                  placeholder="Aprender ..."
                  type="text"
                  value=""
                />
                <button
                  className="btn btn-outline-primary mt-1 btn-block"
                  type="submit"
                >
                  Agregar
                </button>
              </form>,
            ]
          </div>
        </div>
      </div>
    </div>
  </div>
</div>
`;
