// Jest Snapshot v1, https://goo.gl/fbAQLP

exports[`Pruebas en <HomeScreen /> Debe de mostrar el componente 1`] = `
<div>
  <h1>
    HomeScreen
  </h1>
  <hr />
  <pre>
    {
   "name": "Cris",
   "email": "cris@gmail.com"
}
  </pre>
  <hr />
  <div>
    <h1>
      TodoApp ( 
      0
       ) 
    </h1>
    <hr />
    <div
      className="row"
    >
      <div
        className="col-7"
      >
        <ul
          className="list-group list-group-flush"
        />
      </div>
      <div
        className="col-5"
      >
        Array [
          <h4>
            Agregar TODO
          </h4>,
          <hr />,
          <form
            onSubmit={[Function]}
          >
            <input
              autoComplete="off"
              className="form-control"
              name="description"
              onChange={[Function]}
              placeholder="Aprender ..."
              type="text"
              value=""
            />
            <button
              className="btn btn-outline-primary mt-1 btn-block"
              type="submit"
            >
              Agregar
            </button>
          </form>,
        ]
      </div>
    </div>
  </div>
</div>
`;
